// Jest Snapshot v1, https://goo.gl/fbAQLP

exports[`Given a register page component When invoked Then it should match the snapshot 1`] = `
<form
  className="sc-gsnTZi ehTXBa form"
  onSubmit={[Function]}
>
  <h2
    className="form__heading"
  >
    Create your account
  </h2>
  <div
    className="form__group"
  >
    <label
      className="form__label"
      htmlFor="username"
    >
      Username
    </label>
    <input
      autoComplete="off"
      className="form__input"
      id="username"
      onChange={[Function]}
      placeholder="Enter your username"
      required={true}
      value=""
    />
  </div>
  <div
    className="form__group"
  >
    <label
      className="form__label"
      htmlFor="password"
    >
      Password
    </label>
    <input
      autoComplete="off"
      className="form__input "
      id="password"
      onChange={[Function]}
      placeholder="Enter your password"
      required={true}
      type="password"
      value=""
    />
  </div>
  <div
    className="form__group"
  >
    <label
      className="form__label"
      htmlFor="repeatPassword"
    >
      Repeat password
    </label>
    <input
      autoComplete="off"
      className="form__input "
      id="repeatPassword"
      onChange={[Function]}
      placeholder="Repeat your password"
      required={true}
      type="password"
      value=""
    />
  </div>
  <button
    className="sc-bczRLJ eEXWBV form__button"
    disabled={true}
    type="submit"
  >
    Register
  </button>
</form>
`;
